<html>
<body>
<pre>
<h1>µVision Build Log</h1>
<h2>Tool Versions:</h2>
IDE-Version: ¦ÌVision V5.25.3.0
Copyright (C) 2018 ARM Ltd and ARM Germany GmbH. All rights reserved.
License Information: 1 Microsoft, Microsoft, LIC=03C6R-KIDXE-2Z1W4-FI5SL-E8BHU-R7F4D
 
Tool Versions:
Toolchain:       MDK-ARM Plus  Version: 5.25.2.0
Toolchain Path:  E:\Keil_v5\ARM\ARMCC\Bin
C Compiler:      Armcc.exe V5.06 update 6 (build 750)
Assembler:       Armasm.exe V5.06 update 6 (build 750)
Linker/Locator:  ArmLink.exe V5.06 update 6 (build 750)
Library Manager: ArmAr.exe V5.06 update 6 (build 750)
Hex Converter:   FromElf.exe V5.06 update 6 (build 750)
CPU DLL:         SARMCM3.DLL V5.25.2.0
Dialog DLL:      DCM.DLL V1.17.1.0
Target DLL:      Segger\JL2CM3.dll V2.99.29.0
Dialog DLL:      TCM.DLL V1.35.1.0
 
<h2>Project:</h2>
F:\5530BA2\Project\JK_BTSET.uvproj
Project File Date:  05/25/2021

<h2>Output:</h2>
*** Using Compiler 'V5.06 update 6 (build 750)', folder: 'E:\Keil_v5\ARM\ARMCC\Bin'
Build target 'JK_BTSET'
compiling stm32f4xx_it.c...
..\Include\internalflash.h(55): warning:  #1-D: last line of file ends without a newline
  #endif
..\User\stm32f4xx_it.c(431): warning:  #1035-D: single-precision operand implicitly converted to double-precision
                  temp = sum/10.0;
..\User\stm32f4xx_it.c(446): warning:  #177-D: variable "crec"  was declared but never referenced
      u8 crec[6];
..\User\stm32f4xx_it.c(447): warning:  #177-D: variable "csend"  was declared but never referenced
      u8 *csend;
..\User\stm32f4xx_it.c(448): warning:  #177-D: variable "sendbuf"  was declared but never referenced
      static u8 *sendbuf;
..\User\stm32f4xx_it.c(449): warning:  #177-D: variable "sendlen"  was declared but never referenced
      u8 sendlen;
..\User\stm32f4xx_it.c(450): warning:  #177-D: variable "recrc"  was declared but never referenced
      static u16 recrc;
..\User\stm32f4xx_it.c(451): warning:  #177-D: variable "scrc"  was declared but never referenced
      static u16 scrc;
..\User\stm32f4xx_it.c(452): warning:  #177-D: variable "i"  was declared but never referenced
      u8 i;
..\User\stm32f4xx_it.c(516): warning:  #223-D: function "IO_OFF" declared implicitly
                        IO_OFF();
..\User\stm32f4xx_it.c(701): warning:  #223-D: function "Delay_ms" declared implicitly
                                Delay_ms(500);
..\User\stm32f4xx_it.c(803): warning:  #223-D: function "Delay_ms" declared implicitly
                                Delay_ms(500);
..\User\stm32f4xx_it.c(813): warning:  #223-D: function "Delay_ms" declared implicitly
                                Delay_ms(1000);
..\User\stm32f4xx_it.c(894): warning:  #223-D: function "CreateCDC" declared implicitly
                                CreateCDC(); 
..\User\stm32f4xx_it.c(895): warning:  #223-D: function "Delay_ms" declared implicitly
                                Delay_ms(500);
..\User\stm32f4xx_it.c(914): warning:  #223-D: function "Delay_ms" declared implicitly
                                Delay_ms(500);
..\User\stm32f4xx_it.c(1047): warning:  #223-D: function "memcpy" declared implicitly
        memcpy(buf, _pBuf, _ucLen);
..\User\stm32f4xx_it.c(1045): warning:  #177-D: variable "i"  was declared but never referenced
        uint8_t i;
..\User\stm32f4xx_it.c: 18 warnings, 0 errors
linking...
Program Size: Code=202056 RO-data=129744 RW-data=2392 ZI-data=34672  
FromELF: creating hex file...
After Build - User command #1: E:\Keil_v5\ARM\ARMCC\bin\fromelf.exe --bin -o ..\Output\UPDATE.BIN ..\Output\JK_BTSET.axf
"..\Output\JK_BTSET.axf" - 0 Error(s), 18 Warning(s).
Build Time Elapsed:  00:00:02
</pre>
</body>
</html>
