<html>
<body>
<pre>
<h1>µVision Build Log</h1>
<h2>Tool Versions:</h2>
IDE-Version: ¦ÌVision V5.25.3.0
Copyright (C) 2018 ARM Ltd and ARM Germany GmbH. All rights reserved.
License Information: 1 Microsoft, Microsoft, LIC=03C6R-KIDXE-2Z1W4-FI5SL-E8BHU-R7F4D
 
Tool Versions:
Toolchain:       MDK-ARM Plus  Version: 5.25.2.0
Toolchain Path:  E:\Keil_v5\ARM\ARMCC\Bin
C Compiler:      Armcc.exe V5.06 update 6 (build 750)
Assembler:       Armasm.exe V5.06 update 6 (build 750)
Linker/Locator:  ArmLink.exe V5.06 update 6 (build 750)
Library Manager: ArmAr.exe V5.06 update 6 (build 750)
Hex Converter:   FromElf.exe V5.06 update 6 (build 750)
CPU DLL:         SARMCM3.DLL V5.25.2.0
Dialog DLL:      DCM.DLL V1.17.1.0
Target DLL:      Segger\JL2CM3.dll V2.99.29.0
Dialog DLL:      TCM.DLL V1.35.1.0
 
<h2>Project:</h2>
F:\5530BA2\Project\JK_BTSET.uvproj
Project File Date:  05/17/2021

<h2>Output:</h2>
*** Using Compiler 'V5.06 update 6 (build 750)', folder: 'E:\Keil_v5\ARM\ARMCC\Bin'
Build target 'JK_BTSET'
compiling TIM6.c...
..\drive\TIM6.c(141): warning:  #223-D: function "ResetPow" declared implicitly
                           ResetPow();
..\drive\TIM6.c(143): warning:  #223-D: function "ResetCDC" declared implicitly
                           ResetCDC();
..\drive\TIM6.c(145): warning:  #223-D: function "ResetR" declared implicitly
                           ResetR();
..\drive\TIM6.c(147): warning:  #223-D: function "ResetLoad" declared implicitly
                           ResetLoad();
..\drive\TIM6.c(149): warning:  #223-D: function "ResetG" declared implicitly
                           ResetG();
..\drive\TIM6.c(151): warning:  #223-D: function "ResetSET" declared implicitly
                           ResetSET();
..\drive\TIM6.c(177): warning:  #223-D: function "IO_OFF" declared implicitly
                                        IO_OFF();
..\drive\TIM6.c(193): warning:  #223-D: function "Delay_ms" declared implicitly
                                        Delay_ms(500);
..\drive\TIM6.c(234): warning:  #223-D: function "Delay_ms" declared implicitly
                                        Delay_ms(500);
..\drive\TIM6.c(254): warning:  #1035-D: single-precision operand implicitly converted to double-precision
                                if(((v - DISS_Voltage) > v*0.6)/* || (DISS_Current < 0.05)*/)
..\drive\TIM6.c(256): warning:  #223-D: function "IO_OFF" declared implicitly
                                        IO_OFF();
..\drive\TIM6.c(272): warning:  #223-D: function "Delay_ms" declared implicitly
                                        Delay_ms(500);
..\drive\TIM6.c(326): warning:  #1035-D: single-precision operand implicitly converted to double-precision
              if(v - DISS_Voltage > v*0.4)
..\drive\TIM6.c(368): warning:  #223-D: function "Delay_ms" declared implicitly
                                Delay_ms(500);
..\drive\TIM6.c(389): warning:  #1035-D: single-precision operand implicitly converted to double-precision
              if(((shortv - DISS_Voltage) > shortv*0.6) || (DISS_Current < 0.05))
..\drive\TIM6.c(389): warning:  #1035-D: single-precision operand implicitly converted to double-precision
              if(((shortv - DISS_Voltage) > shortv*0.6) || (DISS_Current < 0.05))
..\drive\TIM6.c(391): warning:  #223-D: function "IO_OFF" declared implicitly
                  IO_OFF();
..\drive\TIM6.c(416): warning:  #223-D: function "IO_OFF" declared implicitly
                  IO_OFF(); 
..\drive\TIM6.c(114): warning:  #177-D: variable "crec"  was declared but never referenced
      u8 crec[6];
..\drive\TIM6.c(115): warning:  #177-D: variable "csend"  was declared but never referenced
      u8 *csend;
..\drive\TIM6.c(116): warning:  #177-D: variable "sendbuf"  was declared but never referenced
      static u8 *sendbuf;
..\drive\TIM6.c(117): warning:  #177-D: variable "sendlen"  was declared but never referenced
      u8 sendlen;
..\drive\TIM6.c(118): warning:  #177-D: variable "recrc"  was declared but never referenced
      static u16 recrc;
..\drive\TIM6.c(119): warning:  #177-D: variable "scrc"  was declared but never referenced
      static u16 scrc;
..\drive\TIM6.c(121): warning:  #177-D: variable "i"  was declared but never referenced
      u8 i;
..\drive\TIM6.c(592): warning:  #223-D: function "Delay_ms" declared implicitly
                                                        Delay_ms(50);
..\drive\TIM6.c(613): warning:  #223-D: function "Delay_ms" declared implicitly
                                                        Delay_ms(50);
..\drive\TIM6.c(643): warning:  #223-D: function "Delay_ms" declared implicitly
                                                        Delay_ms(50);
..\drive\TIM6.c(879): warning:  #223-D: function "UART_Action" declared implicitly
          UART_Action();
..\drive\TIM6.c(814): warning:  #177-D: variable "addr"  was declared but never referenced
        uint16_t addr;
..\drive\TIM6.c(815): warning:  #177-D: variable "crc1"  was declared but never referenced
        static uint16_t crc1;
..\drive\TIM6.c: 31 warnings, 0 errors
linking...
Program Size: Code=200464 RO-data=129744 RW-data=2392 ZI-data=34672  
FromELF: creating hex file...
After Build - User command #1: E:\Keil_v5\ARM\ARMCC\bin\fromelf.exe --bin -o ..\Output\UPDATE.BIN ..\Output\JK_BTSET.axf
"..\Output\JK_BTSET.axf" - 0 Error(s), 31 Warning(s).
Build Time Elapsed:  00:00:03
</pre>
</body>
</html>
