<html>
<body>
<pre>
<h1>µVision Build Log</h1>
<h2>Project:</h2>
D:\5530bnew\5530B.NEW\Project\JK_BTSET.uvproj
Project File Date:  12/05/2018

<h2>Output:</h2>
Build target 'JK_BTSET'
compiling system_stm32f4xx.c...
compiling misc.c...
compiling stm32f4xx_adc.c...
compiling stm32f4xx_can.c...
compiling stm32f4xx_crc.c...
compiling stm32f4xx_cryp.c...
compiling stm32f4xx_cryp_aes.c...
compiling stm32f4xx_cryp_des.c...
compiling stm32f4xx_cryp_tdes.c...
compiling stm32f4xx_dac.c...
compiling stm32f4xx_dbgmcu.c...
compiling stm32f4xx_dcmi.c...
compiling stm32f4xx_dma.c...
compiling stm32f4xx_dma2d.c...
compiling stm32f4xx_exti.c...
compiling stm32f4xx_flash.c...
compiling stm32f4xx_flash_ramfunc.c...
compiling stm32f4xx_fsmc.c...
compiling stm32f4xx_gpio.c...
compiling stm32f4xx_hash.c...
compiling stm32f4xx_hash_md5.c...
compiling stm32f4xx_hash_sha1.c...
compiling stm32f4xx_i2c.c...
compiling stm32f4xx_iwdg.c...
compiling stm32f4xx_ltdc.c...
compiling stm32f4xx_pwr.c...
compiling stm32f4xx_rcc.c...
compiling stm32f4xx_rng.c...
compiling stm32f4xx_rtc.c...
compiling stm32f4xx_sai.c...
compiling stm32f4xx_sdio.c...
compiling stm32f4xx_spi.c...
compiling stm32f4xx_syscfg.c...
compiling stm32f4xx_tim.c...
compiling stm32f4xx_usart.c...
compiling stm32f4xx_wwdg.c...
compiling main.c...
..\User\main.c(53): warning:  #223-D: function "TIM4_Int_Init" declared implicitly
..\User\main.c(54): warning:  #223-D: function "TIM3_Int_Init" declared implicitly
..\User\main.c(55): warning:  #223-D: function "TIM5_Int_Init" declared implicitly
..\User\main.c(59): warning:  #223-D: function "USART3_Configuration" declared implicitly
compiling stm32f4xx_it.c...
..\User\stm32f4xx_it.c(382): warning:  #1035-D: single-precision operand implicitly converted to double-precision
..\User\stm32f4xx_it.c(396): warning:  #177-D: variable "crec" was declared but never referenced
..\User\stm32f4xx_it.c(397): warning:  #177-D: variable "csend" was declared but never referenced
..\User\stm32f4xx_it.c(398): warning:  #177-D: variable "sendbuf" was declared but never referenced
..\User\stm32f4xx_it.c(399): warning:  #177-D: variable "sendlen" was declared but never referenced
..\User\stm32f4xx_it.c(400): warning:  #177-D: variable "recrc" was declared but never referenced
..\User\stm32f4xx_it.c(401): warning:  #177-D: variable "scrc" was declared but never referenced
..\User\stm32f4xx_it.c(402): warning:  #177-D: variable "i" was declared but never referenced
..\User\stm32f4xx_it.c(452): warning:  #223-D: function "IO_OFF" declared implicitly
..\User\stm32f4xx_it.c(576): warning:  #223-D: function "memcpy" declared implicitly
..\User\stm32f4xx_it.c(199): warning:  #177-D: function "MODS_SendAckErr" was declared but never referenced
..\User\stm32f4xx_it.c(219): warning:  #177-D: function "MODS_SendAckOk" was declared but never referenced
..\User\stm32f4xx_it.c(515): warning: C3017W: num may be used before being set
compiling adc.c...
..\drive\adc.c(434): warning:  #223-D: function "Bubble_sort" declared implicitly
..\drive\adc.c(450): warning:  #1-D: last line of file ends without a newline
compiling AT24C01.c...
..\drive\AT24C01.c(345): warning:  #177-D: function "ee_Delay" was declared but never referenced
compiling BEEP.c...
compiling bsp_SysTick.c...
compiling flash.c...
compiling GPIO.c...
compiling IIC_24C01.c...
compiling iwdg.c...
compiling key.c...
..\drive\key.c(285): warning:  #223-D: function "Rlow_cal" declared implicitly
..\drive\key.c(297): warning:  #223-D: function "LoadVCal" declared implicitly
..\drive\key.c(306): warning:  #223-D: function "Rlow_cal" declared implicitly
..\drive\key.c(322): warning:  #223-D: function "inputcal" declared implicitly
..\drive\key.c(379): warning:  #223-D: function "Rlow_cal" declared implicitly
..\drive\key.c(391): warning:  #223-D: function "LoadVCal" declared implicitly
..\drive\key.c(400): warning:  #223-D: function "Rlow_cal" declared implicitly
..\drive\key.c(416): warning:  #223-D: function "inputcal" declared implicitly
..\drive\key.c(474): warning:  #223-D: function "Rlow_cal" declared implicitly
..\drive\key.c(486): warning:  #223-D: function "LoadVCal" declared implicitly
..\drive\key.c(495): warning:  #223-D: function "Rlow_cal" declared implicitly
..\drive\key.c(497): warning:  #223-D: function "inputcal" declared implicitly
..\drive\key.c(552): warning:  #223-D: function "Rlow_cal" declared implicitly
..\drive\key.c(564): warning:  #223-D: function "LoadVCal" declared implicitly
..\drive\key.c(573): warning:  #223-D: function "Rlow_cal" declared implicitly
..\drive\key.c(575): warning:  #223-D: function "inputcal" declared implicitly
..\drive\key.c(630): warning:  #223-D: function "Rlow_cal" declared implicitly
..\drive\key.c(642): warning:  #223-D: function "LoadVCal" declared implicitly
..\drive\key.c(651): warning:  #223-D: function "Rlow_cal" declared implicitly
..\drive\key.c(653): warning:  #223-D: function "inputcal" declared implicitly
..\drive\key.c(708): warning:  #223-D: function "Rlow_cal" declared implicitly
..\drive\key.c(718): warning:  #223-D: function "LoadVCal" declared implicitly
..\drive\key.c(727): warning:  #223-D: function "Rlow_cal" declared implicitly
..\drive\key.c(729): warning:  #223-D: function "inputcal" declared implicitly
..\drive\key.c(792): warning:  #223-D: function "LoadVCal" declared implicitly
..\drive\key.c(796): warning:  #223-D: function "Rlow_cal" declared implicitly
..\drive\key.c(798): warning:  #223-D: function "inputcal" declared implicitly
..\drive\key.c(861): warning:  #223-D: function "LoadVCal" declared implicitly
..\drive\key.c(865): warning:  #223-D: function "Rlow_cal" declared implicitly
..\drive\key.c(867): warning:  #223-D: function "inputcal" declared implicitly
..\drive\key.c(930): warning:  #223-D: function "LoadVCal" declared implicitly
..\drive\key.c(934): warning:  #223-D: function "Rlow_cal" declared implicitly
..\drive\key.c(936): warning:  #223-D: function "inputcal" declared implicitly
..\drive\key.c(1001): warning:  #223-D: function "LoadVCal" declared implicitly
..\drive\key.c(1005): warning:  #223-D: function "Rlow_cal" declared implicitly
..\drive\key.c(1007): warning:  #223-D: function "inputcal" declared implicitly
..\drive\key.c(1160): warning:  #223-D: function "MENU_OP_UP" declared implicitly
..\drive\key.c(1167): warning:  #223-D: function "LOAD_OP_UP" declared implicitly
..\drive\key.c(1181): warning:  #223-D: function "OC_OP_UP" declared implicitly
..\drive\key.c(1217): warning:  #223-D: function "MENU_OP_DOWN" declared implicitly
..\drive\key.c(1224): warning:  #223-D: function "LOAD_OP_DOWN" declared implicitly
..\drive\key.c(1238): warning:  #223-D: function "OC_OP_DOWN" declared implicitly
..\drive\key.c(1284): warning:  #223-D: function "MENU_SET" declared implicitly
..\drive\key.c(1300): warning:  #223-D: function "OC_SET" declared implicitly
..\drive\key.c(1308): warning:  #223-D: function "LOAD_SET" declared implicitly
..\drive\key.c(1322): warning:  #223-D: function "CFM_PASS" declared implicitly
..\drive\key.c(1340): warning:  #223-D: function "confirmcal" declared implicitly
..\drive\key.c(1417): warning:  #223-D: function "CreateCDC" declared implicitly
..\drive\key.c(1584): warning:  #223-D: function "PowVCal" declared implicitly
..\drive\key.c(1586): warning:  #223-D: function "PowVCal" declared implicitly
..\drive\key.c(1588): warning:  #223-D: function "PowVCal" declared implicitly
..\drive\key.c(1590): warning:  #223-D: function "PowVCal" declared implicitly
..\drive\key.c(1592): warning:  #223-D: function "PowVCal" declared implicitly
..\drive\key.c(1594): warning:  #223-D: function "PowVCal" declared implicitly
..\drive\key.c(1599): warning:  #223-D: function "LoadCCal" declared implicitly
..\drive\key.c(1601): warning:  #223-D: function "LoadCCal" declared implicitly
..\drive\key.c(1606): warning:  #223-D: function "PowCCal" declared implicitly
..\drive\key.c(1608): warning:  #223-D: function "PowCCal" declared implicitly
..\drive\key.c(1739): warning:  #223-D: function "CreateCDC" declared implicitly
..\drive\key.c(1767): warning:  #223-D: function "Createsysinfo" declared implicitly
..\drive\key.c(1086): warning: C3017W: l may be used before being set
..\drive\key.c(1120): warning: C3017W: l may be used before being set
compiling modbus.c...
..\drive\modbus.c(778): warning:  #1035-D: single-precision operand implicitly converted to double-precision
..\drive\modbus.c(752): warning:  #177-D: variable "rave" was declared but never referenced
..\drive\modbus.c(753): warning:  #177-D: variable "rcount" was declared but never referenced
..\drive\modbus.c(754): warning: C3017W: var32 may be used before being set
compiling ssd1963.c...
..\drive\ssd1963.c(168): warning:  #550-D: variable "FSMC_NORSRAMTimingInitStructure" was set but never used
compiling TIM1.c...
compiling TIM2.c...
compiling TIM6.c...
..\drive\TIM6.c(125): warning:  #223-D: function "ResetPow" declared implicitly
..\drive\TIM6.c(127): warning:  #223-D: function "ResetCDC" declared implicitly
..\drive\TIM6.c(129): warning:  #223-D: function "ResetR" declared implicitly
..\drive\TIM6.c(131): warning:  #223-D: function "ResetLoad" declared implicitly
..\drive\TIM6.c(133): warning:  #223-D: function "ResetG" declared implicitly
..\drive\TIM6.c(135): warning:  #223-D: function "ResetSET" declared implicitly
..\drive\TIM6.c(175): warning:  #223-D: function "IO_OFF" declared implicitly
..\drive\TIM6.c(191): warning:  #1035-D: single-precision operand implicitly converted to double-precision
..\drive\TIM6.c(232): warning:  #1035-D: single-precision operand implicitly converted to double-precision
..\drive\TIM6.c(294): warning:  #1035-D: single-precision operand implicitly converted to double-precision
..\drive\TIM6.c(296): warning:  #223-D: function "IO_OFF" declared implicitly
..\drive\TIM6.c(321): warning:  #223-D: function "IO_OFF" declared implicitly
..\drive\TIM6.c(100): warning:  #177-D: variable "crec" was declared but never referenced
..\drive\TIM6.c(101): warning:  #177-D: variable "csend" was declared but never referenced
..\drive\TIM6.c(102): warning:  #177-D: variable "sendbuf" was declared but never referenced
..\drive\TIM6.c(103): warning:  #177-D: variable "sendlen" was declared but never referenced
..\drive\TIM6.c(104): warning:  #177-D: variable "recrc" was declared but never referenced
..\drive\TIM6.c(105): warning:  #177-D: variable "scrc" was declared but never referenced
..\drive\TIM6.c(106): warning:  #177-D: variable "i" was declared but never referenced
..\drive\TIM6.c(640): warning:  #223-D: function "UART_Action" declared implicitly
..\drive\TIM6.c(575): warning:  #177-D: variable "addr" was declared but never referenced
..\drive\TIM6.c(576): warning:  #177-D: variable "crc1" was declared but never referenced
compiling usart.c...
compiling TM1650.c...
..\drive\TM1650.c(242): warning:  #1-D: last line of file ends without a newline
compiling clock.c...
compiling DAC8531.c...
..\drive\DAC8531.c(84): warning:  #1-D: last line of file ends without a newline
compiling AD7689.c...
..\drive\AD7689.c(360): warning: C3017W: AD7689_Data may be used before being set
..\drive\AD7689.c(437): warning: C3017W: var_chV1 may be used before being set
..\drive\AD7689.c(437): warning: C3017W: var_chV may be used before being set
..\drive\AD7689.c(437): warning: C3017W: var_chI may be used before being set
compiling GUI_X.c...
compiling GUIConf.c...
compiling GUIDRV_Template.c...
..\STemWinLibrary522\Config\GUIDRV_Template.c(264): warning:  #177-D: variable "xPhys" was declared but never referenced
..\STemWinLibrary522\Config\GUIDRV_Template.c(264): warning:  #177-D: variable "yPhys" was declared but never referenced
..\STemWinLibrary522\Config\GUIDRV_Template.c(264): warning:  #177-D: variable "lphys" was declared but never referenced
compiling LCDConf_FlexColor_Template.c...
compiling MainTask.c...
..\STemWinLibrary522\emWinTask\MainTask.c(72): warning:  #223-D: function "CreateSTARTER" declared implicitly
compiling menu.c...
..\APP\menu.c(132): warning:  #223-D: function "DrawLock" declared implicitly
..\APP\menu.c(149): warning:  #1035-D: single-precision operand implicitly converted to double-precision
..\APP\menu.c(152): warning:  #181-D: argument is incompatible with corresponding format string conversion
..\APP\menu.c(190): warning:  #1035-D: single-precision operand implicitly converted to double-precision
..\APP\menu.c(207): warning:  #181-D: argument is incompatible with corresponding format string conversion
..\APP\menu.c(333): warning:  #181-D: argument is incompatible with corresponding format string conversion
..\APP\menu.c(340): warning:  #181-D: argument is incompatible with corresponding format string conversion
..\APP\menu.c(474): warning:  #223-D: function "IO_OFF" declared implicitly
compiling R_Face.c...
..\APP\R_Face.c(242): warning:  #223-D: function "DrawLock" declared implicitly
..\APP\R_Face.c(394): warning:  #223-D: function "setmode_r" declared implicitly
..\APP\R_Face.c(398): warning:  #1035-D: single-precision operand implicitly converted to double-precision
..\APP\R_Face.c(402): warning:  #223-D: function "setmode_r" declared implicitly
..\APP\R_Face.c(420): warning:  #223-D: function "setmode_r" declared implicitly
..\APP\R_Face.c(426): warning:  #223-D: function "setmode_r" declared implicitly
..\APP\R_Face.c(445): warning:  #1035-D: single-precision operand implicitly converted to double-precision
..\APP\R_Face.c(465): warning:  #1035-D: single-precision operand implicitly converted to double-precision
..\APP\R_Face.c(483): warning:  #1035-D: single-precision operand implicitly converted to double-precision
..\APP\R_Face.c(502): warning:  #1035-D: single-precision operand implicitly converted to double-precision
..\APP\R_Face.c(570): warning:  #1035-D: single-precision operand implicitly converted to double-precision
..\APP\R_Face.c(601): warning:  #1035-D: single-precision operand implicitly converted to double-precision
..\APP\R_Face.c(730): warning:  #1035-D: single-precision operand implicitly converted to double-precision
..\APP\R_Face.c(754): warning:  #1035-D: single-precision operand implicitly converted to double-precision
..\APP\R_Face.c(785): warning:  #1035-D: single-precision operand implicitly converted to double-precision
..\APP\R_Face.c(830): warning:  #1035-D: single-precision operand implicitly converted to double-precision
..\APP\R_Face.c(830): warning:  #1035-D: single-precision operand implicitly converted to double-precision
..\APP\R_Face.c(844): warning:  #1035-D: single-precision operand implicitly converted to double-precision
..\APP\R_Face.c(844): warning:  #1035-D: single-precision operand implicitly converted to double-precision
..\APP\R_Face.c(858): warning:  #1035-D: single-precision operand implicitly converted to double-precision
..\APP\R_Face.c(858): warning:  #1035-D: single-precision operand implicitly converted to double-precision
..\APP\R_Face.c(872): warning:  #1035-D: single-precision operand implicitly converted to double-precision
..\APP\R_Face.c(872): warning:  #1035-D: single-precision operand implicitly converted to double-precision
..\APP\R_Face.c(886): warning:  #1035-D: single-precision operand implicitly converted to double-precision
..\APP\R_Face.c(886): warning:  #1035-D: single-precision operand implicitly converted to double-precision
..\APP\R_Face.c(1277): warning:  #223-D: function "setmode_r" declared implicitly
..\APP\R_Face.c(1648): warning:  #177-D: variable "hItem" was declared but never referenced
..\APP\R_Face.c(2012): warning:  #1035-D: single-precision operand implicitly converted to double-precision
..\APP\R_Face.c(2012): warning:  #1035-D: single-precision operand implicitly converted to double-precision
..\APP\R_Face.c(2055): warning:  #1035-D: single-precision operand implicitly converted to double-precision
compiling load_Face.c...
..\APP\load_Face.c(150): warning:  #223-D: function "DrawLock" declared implicitly
..\APP\load_Face.c(199): warning:  #1035-D: single-precision operand implicitly converted to double-precision
..\APP\load_Face.c(261): warning:  #1035-D: single-precision operand implicitly converted to double-precision
..\APP\load_Face.c(398): warning:  #181-D: argument is incompatible with corresponding format string conversion
..\APP\load_Face.c(405): warning:  #181-D: argument is incompatible with corresponding format string conversion
..\APP\load_Face.c(106): warning:  #177-D: variable "oldv" was declared but never referenced
..\APP\load_Face.c(107): warning:  #550-D: variable "testres" was set but never used
..\APP\load_Face.c(571): warning:  #223-D: function "IO_OFF" declared implicitly
compiling c_dc.c...
..\APP\c_dc.c(248): warning:  #223-D: function "DrawLockc" declared implicitly
..\APP\c_dc.c(1093): warning:  #223-D: function "IO_OFF" declared implicitly
compiling graph.c...
..\APP\graph.c(134): warning:  #223-D: function "DrawLock" declared implicitly
..\APP\graph.c(282): warning:  #940-D: missing return statement at end of non-void function "DrawGraph"
compiling settings.c...
..\APP\settings.c(187): warning:  #223-D: function "DrawLock" declared implicitly
compiling STARTER.c...
..\APP\STARTER.c(95): warning:  #223-D: function "CreateR" declared implicitly
compiling sysinfo.c...
..\APP\sysinfo.c(179): warning:  #223-D: function "DrawLock" declared implicitly
compiling cal.c...
..\APP\cal.c(99): warning:  #223-D: function "DrawLock" declared implicitly
..\APP\cal.c(268): warning:  #181-D: argument is incompatible with corresponding format string conversion
..\APP\cal.c(275): warning:  #181-D: argument is incompatible with corresponding format string conversion
..\APP\cal.c(436): warning:  #223-D: function "Flash_Write_all" declared implicitly
..\APP\cal.c(481): warning:  #223-D: function "Flash_Write_all" declared implicitly
..\APP\cal.c(525): warning:  #223-D: function "Flash_Write_all" declared implicitly
..\APP\cal.c(571): warning:  #223-D: function "Flash_Write_all" declared implicitly
..\APP\cal.c(609): warning:  #223-D: function "Flash_Write_all" declared implicitly
..\APP\cal.c(647): warning:  #223-D: function "Flash_Write_all" declared implicitly
..\APP\cal.c(718): warning:  #223-D: function "Flash_Write_all" declared implicitly
..\APP\cal.c(788): warning:  #223-D: function "Flash_Write_all" declared implicitly
..\APP\cal.c(852): warning:  #223-D: function "Flash_Write_all" declared implicitly
..\APP\cal.c(916): warning:  #223-D: function "Flash_Write_all" declared implicitly
..\APP\cal.c(960): warning:  #223-D: function "Flash_Write_all" declared implicitly
..\APP\cal.c(963): warning:  #1-D: last line of file ends without a newline
compiling HZ16.c...
compiling HZ12.c...
compiling EN40.c...
compiling HZ20S.c...
compiling HZ32.c...
compiling set_font.c...
compiling symbol.c...
compiling unit.c...
compiling usb_core.c...
compiling usb_hcd.c...
compiling usb_hcd_int.c...
compiling usbh_core.c...
compiling usbh_hcs.c...
compiling usbh_ioreq.c...
compiling usbh_stdreq.c...
compiling usbh_msc_bot.c...
compiling usbh_msc_core.c...
compiling usbh_msc_scsi.c...
compiling usb_bsp.c...
compiling usbh_usr.c...
..\USB\USB_APP\usbh_usr.c(19): warning:  #177-D: variable "AppState" was declared but never referenced
linking...
Program Size: Code=170002 RO-data=118946 RW-data=2360 ZI-data=34544  
FromELF: creating hex file...
"..\Output\JK_BTSET.axf" - 0 Error(s), 188 Warning(s).
Build target 'JK_BTSET'
compiling flash.c...
compiling menu.c...
..\APP\menu.c(132): warning:  #223-D: function "DrawLock" declared implicitly
..\APP\menu.c(149): warning:  #1035-D: single-precision operand implicitly converted to double-precision
..\APP\menu.c(152): warning:  #181-D: argument is incompatible with corresponding format string conversion
..\APP\menu.c(207): warning:  #181-D: argument is incompatible with corresponding format string conversion
..\APP\menu.c(333): warning:  #181-D: argument is incompatible with corresponding format string conversion
..\APP\menu.c(340): warning:  #181-D: argument is incompatible with corresponding format string conversion
..\APP\menu.c(88): warning:  #550-D: variable "cdelay" was set but never used
..\APP\menu.c(474): warning:  #223-D: function "IO_OFF" declared implicitly
linking...
Program Size: Code=169906 RO-data=118946 RW-data=2360 ZI-data=34544  
FromELF: creating hex file...
"..\Output\JK_BTSET.axf" - 0 Error(s), 8 Warning(s).
Load "..\\Output\\JK_BTSET.AXF" 
* JLink Info: Device "STM32F407VE" selected (512 KB flash, 128 KB RAM).
Set JLink Project File to "D:\5530bnew\5530B.NEW\Project\JLinkSettings.ini"
 
JLink info:
------------
DLL: V4.40c, compiled Jan 24 2012 09:30:33
Firmware: J-Link V9 compiled Apr 20 2018 16:47:26
Hardware: V9.40
S/N : 59401576 
Feature(s) : RDI, GDB, FlashDL, FlashBP, JFlash 
 
* JLink Info: Found SWD-DP with ID 0x2BA01477
* JLink Info: TPIU fitted.
* JLink Info: ETM fitted.
* JLink Info:   FPUnit: 6 code (BP) slots and 2 literal slots
* JLink Info: Found Cortex-M4 r0p1, Little endian.
ROMTableAddr = 0xE00FF003
* JLink Info: Found SWD-DP with ID 0x2BA01477
* JLink Info: TPIU fitted.
* JLink Info: ETM fitted.
* JLink Info:   FPUnit: 6 code (BP) slots and 2 literal slots
* JLink Info: Found Cortex-M4 r0p1, Little endian.
 
Target info:
------------
Device: STM32F407VE
VTarget = 3.277V
State of Pins: 
TCK: 0, TDI: 0, TDO: 0, TMS: 1, TRES: 1, TRST: 1
Hardware-Breakpoints: 6
Software-Breakpoints: 8192
Watchpoints:          4
JTAG speed: 200 kHz
 
Erase Done.
Programming Done.
Verify OK.
Build target 'JK_BTSET'
compiling menu.c...
..\APP\menu.c(132): warning:  #223-D: function "DrawLock" declared implicitly
..\APP\menu.c(149): warning:  #1035-D: single-precision operand implicitly converted to double-precision
..\APP\menu.c(152): warning:  #181-D: argument is incompatible with corresponding format string conversion
..\APP\menu.c(190): warning:  #1035-D: single-precision operand implicitly converted to double-precision
..\APP\menu.c(207): warning:  #181-D: argument is incompatible with corresponding format string conversion
..\APP\menu.c(333): warning:  #181-D: argument is incompatible with corresponding format string conversion
..\APP\menu.c(340): warning:  #181-D: argument is incompatible with corresponding format string conversion
..\APP\menu.c(474): warning:  #223-D: function "IO_OFF" declared implicitly
linking...
Program Size: Code=170002 RO-data=118946 RW-data=2360 ZI-data=34544  
FromELF: creating hex file...
"..\Output\JK_BTSET.axf" - 0 Error(s), 8 Warning(s).
Load "..\\Output\\JK_BTSET.AXF" 
* JLink Info: Device "STM32F407VE" selected (512 KB flash, 128 KB RAM).
Set JLink Project File to "D:\5530bnew\5530B.NEW\Project\JLinkSettings.ini"
 
JLink info:
------------
DLL: V4.40c, compiled Jan 24 2012 09:30:33
Firmware: J-Link V9 compiled Apr 20 2018 16:47:26
Hardware: V9.40
S/N : 59401576 
Feature(s) : RDI, GDB, FlashDL, FlashBP, JFlash 
 
* JLink Info: Found SWD-DP with ID 0x2BA01477
* JLink Info: TPIU fitted.
* JLink Info: ETM fitted.
* JLink Info:   FPUnit: 6 code (BP) slots and 2 literal slots
* JLink Info: Found Cortex-M4 r0p1, Little endian.
ROMTableAddr = 0xE00FF003
* JLink Info: Found SWD-DP with ID 0x2BA01477
* JLink Info: TPIU fitted.
* JLink Info: ETM fitted.
* JLink Info:   FPUnit: 6 code (BP) slots and 2 literal slots
* JLink Info: Found Cortex-M4 r0p1, Little endian.
 
Target info:
------------
Device: STM32F407VE
VTarget = 3.283V
State of Pins: 
TCK: 0, TDI: 0, TDO: 0, TMS: 1, TRES: 1, TRST: 1
Hardware-Breakpoints: 6
Software-Breakpoints: 8192
Watchpoints:          4
JTAG speed: 200 kHz
 
Erase Done.
Programming Done.
Verify OK.
Build target 'JK_BTSET'
linking...
Program Size: Code=170002 RO-data=118946 RW-data=2360 ZI-data=34544  
FromELF: creating hex file...
"..\Output\JK_BTSET.axf" - 0 Error(s), 0 Warning(s).
Load "..\\Output\\JK_BTSET.AXF" 
* JLink Info: Device "STM32F407VE" selected (512 KB flash, 128 KB RAM).
Set JLink Project File to "D:\5530bnew\5530B.NEW\Project\JLinkSettings.ini"
 
JLink info:
------------
DLL: V4.40c, compiled Jan 24 2012 09:30:33
Firmware: J-Link V9 compiled Apr 20 2018 16:47:26
Hardware: V9.40
S/N : 59401576 
Feature(s) : RDI, GDB, FlashDL, FlashBP, JFlash 
 
* JLink Info: Found SWD-DP with ID 0x2BA01477
* JLink Info: TPIU fitted.
* JLink Info: ETM fitted.
* JLink Info:   FPUnit: 6 code (BP) slots and 2 literal slots
* JLink Info: Found Cortex-M4 r0p1, Little endian.
ROMTableAddr = 0xE00FF003
* JLink Info: Found SWD-DP with ID 0x2BA01477
* JLink Info: TPIU fitted.
* JLink Info: ETM fitted.
* JLink Info:   FPUnit: 6 code (BP) slots and 2 literal slots
* JLink Info: Found Cortex-M4 r0p1, Little endian.
 
Target info:
------------
Device: STM32F407VE
VTarget = 3.272V
State of Pins: 
TCK: 0, TDI: 0, TDO: 0, TMS: 1, TRES: 1, TRST: 1
Hardware-Breakpoints: 6
Software-Breakpoints: 8192
Watchpoints:          4
JTAG speed: 200 kHz
 
Erase Done.
***JLink Error: Can not read register 15 (R15) while CPU is running
***JLink Error: Can not read register 20 (CFBP) while CPU is running
Programming Failed!
Load "..\\Output\\JK_BTSET.AXF" 
* JLink Info: Device "STM32F407VE" selected (512 KB flash, 128 KB RAM).
Set JLink Project File to "D:\5530bnew\5530B.NEW\Project\JLinkSettings.ini"
 
JLink info:
------------
DLL: V4.40c, compiled Jan 24 2012 09:30:33
Firmware: J-Link V9 compiled Apr 20 2018 16:47:26
Hardware: V9.40
S/N : 59401576 
Feature(s) : RDI, GDB, FlashDL, FlashBP, JFlash 
 
* JLink Info: Found SWD-DP with ID 0x2BA01477
* JLink Info: TPIU fitted.
* JLink Info: ETM fitted.
* JLink Info:   FPUnit: 6 code (BP) slots and 2 literal slots
* JLink Info: Found Cortex-M4 r0p1, Little endian.
ROMTableAddr = 0xE00FF003
* JLink Info: Found SWD-DP with ID 0x2BA01477
* JLink Info: TPIU fitted.
* JLink Info: ETM fitted.
* JLink Info:   FPUnit: 6 code (BP) slots and 2 literal slots
* JLink Info: Found Cortex-M4 r0p1, Little endian.
 
Target info:
------------
Device: STM32F407VE
VTarget = 3.267V
State of Pins: 
TCK: 0, TDI: 0, TDO: 0, TMS: 1, TRES: 1, TRST: 1
Hardware-Breakpoints: 6
Software-Breakpoints: 8192
Watchpoints:          4
JTAG speed: 200 kHz
 
Erase Done.
Programming Done.
Verify OK.
